// Jest Snapshot v1, https://goo.gl/fbAQLP

exports[`NullConnection NullConnection 1`] = `
{
  "count": 0,
  "edges": [],
  "endCursorOffset": 0,
  "pageInfo": {
    "endCursor": "",
    "hasNextPage": false,
    "hasPreviousPage": false,
    "startCursor": "",
  },
  "startCursorOffset": 0,
}
`;
